<html>
<body>
<pre>
<h1>�Vision Build Log</h1>
<h2>Project:</h2>
E:\github\FHQ\Experiment_Platform\Experimental_Platform_Based_On_DTR v3.2\Experimental_Platform_Based_On_DTR v3.2\projects\MDK-ARM(uV5)\project.uvprojx
Project File Date:  04/13/2019

<h2>Output:</h2>
Build target 'v1.0'
compiling UI_SettingWindow.c...
..\..\emWin\uiBuild\ingredients\src\UI_SettingWindow.c(105): warning:  #870-D: invalid multibyte character sequence
        BUTTON_SetText(hAdminButton, "管理员入�?);
..\..\emWin\uiBuild\ingredients\src\UI_SettingWindow.c(255): warning:  #870-D: invalid multibyte character sequence
                TEXT_SetText(hItem, "声音开�?);
..\..\emWin\uiBuild\ingredients\src\UI_SettingWindow.c(460): warning:  #870-D: invalid multibyte character sequence
                                LISTVIEW_SetItemText(hConnectList, 1, 0, "加密状�?);
..\..\emWin\uiBuild\ingredients\src\UI_SettingWindow.c(462): warning:  #870-D: invalid multibyte character sequence
                                LISTVIEW_SetItemText(hConnectList, 2, 0, "WIFI状�?);
..\..\emWin\uiBuild\ingredients\src\UI_SettingWindow.c(494): warning:  #870-D: invalid multibyte character sequence
                                BUTTON_SetText(hScanButton, "开始匹�?);
..\..\emWin\uiBuild\ingredients\src\UI_SettingWindow.c(528): warning:  #870-D: invalid multibyte character sequence
                                                notify_show("操作无效", "请稍�?);
..\..\emWin\uiBuild\ingredients\src\UI_SettingWindow.c(535): warning:  #870-D: invalid multibyte character sequence
                                } else if(strstr("开始匹�?, (char *)p)) {
..\..\emWin\uiBuild\ingredients\src\UI_SettingWindow.c(569): warning:  #870-D: invalid multibyte character sequence
                                        notify_show("操作无效", "请稍�?);
..\..\emWin\uiBuild\ingredients\src\UI_SettingWindow.c(593): warning:  #870-D: invalid multibyte character sequence
                                        TEXT_SetText(hConnectPromptText2, "加密状�?);
..\..\emWin\uiBuild\ingredients\src\UI_SettingWindow.c(635): warning:  #870-D: invalid multibyte character sequence
                                } else if(strstr("开始匹�?", (char *)p)) {
..\..\emWin\uiBuild\ingredients\src\UI_SettingWindow.c(143): warning:  #177-D: variable "j" was declared but never referenced
        int             i, j;
..\..\emWin\uiBuild\ingredients\src\UI_SettingWindow.c(148): warning:  #177-D: variable "epoch_notify" was declared but never referenced
        epoch_dev_t     *epoch_notify = NULL;
..\..\emWin\uiBuild\ingredients\src\UI_SettingWindow.c: 12 warnings, 0 errors
compiling UI_Touch.c...
linking...
Program Size: Code=208692 RO-data=459900 RW-data=5504 ZI-data=198756  
FromELF: creating hex file...
".\Objects\project.axf" - 0 Error(s), 12 Warning(s).
