<html>
<body>
<pre>
<h1>�Vision Build Log</h1>
<h2>Project:</h2>
E:\github\FHQ\Experiment_Platform\Experimental_Platform_Based_On_DTR v3.2\Experimental_Platform_Based_On_DTR v3.2\projects\MDK-ARM(uV5)\project.uvprojx
Project File Date:  04/13/2019

<h2>Output:</h2>
Build target 'v1.0'
compiling UI_Logic.c...
..\..\emWin\uiBuild\core\src\UI_Logic.c(30): warning:  #177-D: variable "i" was declared but never referenced
        int i;
..\..\emWin\uiBuild\core\src\UI_Logic.c(141): warning:  #177-D: variable "i" was declared but never referenced
        int i;
..\..\emWin\uiBuild\core\src\UI_Logic.c(156): warning:  #870-D: invalid multibyte character sequence
                                menu_list_element_set_data(2, i + 1, hExpSubTitle, (void *)"请等待教师开始实�?);
..\..\emWin\uiBuild\core\src\UI_Logic.c(196): warning:  #870-D: invalid multibyte character sequence
                                                menu_list_element_set_data(2, i + 1, hExpSubTitle, (void *)"请等待教师评�?);
..\..\emWin\uiBuild\core\src\UI_Logic.c(208): warning:  #870-D: invalid multibyte character sequence
                                                menu_list_element_set_data(2, i + 1, hExpSubTitle, (void *)"请等待教师评�?);
..\..\emWin\uiBuild\core\src\UI_Logic.c(219): warning:  #870-D: invalid multibyte character sequence
                                                menu_list_element_set_data(2, i + 1, hExpSubTitle, (void *)"实验已完�?);
..\..\emWin\uiBuild\core\src\UI_Logic.c(240): warning:  #870-D: invalid multibyte character sequence
                                menu_list_element_set_data(3, i + 1, hExpSubTitle, (void *)&"请教师验证身�?);
..\..\emWin\uiBuild\core\src\UI_Logic.c(254): warning:  #870-D: invalid multibyte character sequence
                                        menu_list_element_set_data(3, i + 1, hExpSubTitle, (void *)&"请教师开始实�?);
..\..\emWin\uiBuild\core\src\UI_Logic.c(265): warning:  #870-D: invalid multibyte character sequence
                                                menu_list_element_set_data(3, i + 1, hExpSubTitle, (void *)"请等待学生开始实�?);
..\..\emWin\uiBuild\core\src\UI_Logic.c(277): warning:  #870-D: invalid multibyte character sequence
                                                menu_list_element_set_data(3, i + 1, hExpSubTitle, (void *)"请等待学生提交实�?);
..\..\emWin\uiBuild\core\src\UI_Logic.c(289): warning:  #870-D: invalid multibyte character sequence
                                                menu_list_element_set_data(3, i + 1, hExpSubTitle, (void *)"实验已提�?请教师评�?);
..\..\emWin\uiBuild\core\src\UI_Logic.c(289): warning:  #870-D: invalid multibyte character sequence
                                                menu_list_element_set_data(3, i + 1, hExpSubTitle, (void *)"实验已提�?请教师评�?);
..\..\emWin\uiBuild\core\src\UI_Logic.c(301): warning:  #870-D: invalid multibyte character sequence
                                                menu_list_element_set_data(3, i + 1, hExpSubTitle, (void *)"实验已提�?请教师评�?);
..\..\emWin\uiBuild\core\src\UI_Logic.c(301): warning:  #870-D: invalid multibyte character sequence
                                                menu_list_element_set_data(3, i + 1, hExpSubTitle, (void *)"实验已提�?请教师评�?);
..\..\emWin\uiBuild\core\src\UI_Logic.c(313): warning:  #870-D: invalid multibyte character sequence
                                                menu_list_element_set_data(3, i + 1, hExpSubTitle, (void *)"实验已评�?);
..\..\emWin\uiBuild\core\src\UI_Logic.c(452): warning:  #870-D: invalid multibyte character sequence
        menu_list_element_attach(1, 1, hExpSubTitle, element_text, (void *)"请签�?, element_visible);
..\..\emWin\uiBuild\core\src\UI_Logic.c(466): warning:  #870-D: invalid multibyte character sequence
        menu_list_element_attach(2, 1, hExpSubTitle, element_text, (void *)"请等待教师开始实�?, element_visible);
..\..\emWin\uiBuild\core\src\UI_Logic.c(473): warning:  #870-D: invalid multibyte character sequence
        menu_list_element_attach(2, 1, hFunctionButton1, element_button, (void *)"开始实�?, element_invisible);
..\..\emWin\uiBuild\core\src\UI_Logic.c(479): warning:  #870-D: invalid multibyte character sequence
        menu_list_element_attach(2, 2, hExpSubTitle, element_text, (void *)"请等待教师开始实�?, element_visible);
..\..\emWin\uiBuild\core\src\UI_Logic.c(486): warning:  #870-D: invalid multibyte character sequence
        menu_list_element_attach(2, 2, hFunctionButton1, element_button, (void *)"开始实�?, element_invisible);
..\..\emWin\uiBuild\core\src\UI_Logic.c(492): warning:  #870-D: invalid multibyte character sequence
        menu_list_element_attach(2, 3, hExpSubTitle, element_text, (void *)"请等待教师开始实�?, element_visible);
..\..\emWin\uiBuild\core\src\UI_Logic.c(499): warning:  #870-D: invalid multibyte character sequence
        menu_list_element_attach(2, 3, hFunctionButton1, element_button, (void *)"开始实�?, element_invisible);
..\..\emWin\uiBuild\core\src\UI_Logic.c(505): warning:  #870-D: invalid multibyte character sequence
        menu_list_element_attach(3, 1, hExpSubTitle, element_text, (void *)"请教师验证身�?, element_visible);
..\..\emWin\uiBuild\core\src\UI_Logic.c(508): warning:  #870-D: invalid multibyte character sequence
        menu_list_element_attach(3, 1, hLogoutButton, element_button, (void *)"退�?, element_invisible);
..\..\emWin\uiBuild\core\src\UI_Logic.c(514): warning:  #870-D: invalid multibyte character sequence
        menu_list_element_attach(3, 2, hExpSubTitle, element_text, (void *)"请教师验证身�?, element_visible);
..\..\emWin\uiBuild\core\src\UI_Logic.c(517): warning:  #870-D: invalid multibyte character sequence
        menu_list_element_attach(3, 2, hLogoutButton, element_button, (void *)"退�?, element_invisible);
..\..\emWin\uiBuild\core\src\UI_Logic.c(523): warning:  #870-D: invalid multibyte character sequence
        menu_list_element_attach(3, 3, hExpSubTitle, element_text, (void *)"请教师验证身�?, element_visible);
..\..\emWin\uiBuild\core\src\UI_Logic.c(526): warning:  #870-D: invalid multibyte character sequence
        menu_list_element_attach(3, 3, hLogoutButton, element_button, (void *)"退�?, element_invisible);
..\..\emWin\uiBuild\core\src\UI_Logic.c(550): warning:  #870-D: invalid multibyte character sequence
        menu_list_element_attach(4, 3, hInfoText1, element_text, (void *)"版本�?         IIEES v1.0 2019.1",      element_visible);
..\..\emWin\uiBuild\core\src\UI_Logic.c(551): warning:  #870-D: invalid multibyte character sequence
        menu_list_element_attach(4, 3, hInfoText2, element_text, (void *)"处理�?         STM32F429ZGT6",          element_visible);
..\..\emWin\uiBuild\core\src\UI_Logic.c(557): warning:  #870-D: invalid multibyte character sequence
        menu_list_element_attach(4, 3, hInfoText8, element_text, (void *)"开发团�?      Hdu-Microchip-Lab",       element_visible);
..\..\emWin\uiBuild\core\src\UI_Logic.c(114): warning:  #177-D: function "bar_reset" was declared but never referenced
  static void bar_reset()
..\..\emWin\uiBuild\core\src\UI_Logic.c: 32 warnings, 0 errors
linking...
Program Size: Code=197328 RO-data=283520 RW-data=5144 ZI-data=193996  
FromELF: creating hex file...
".\Objects\project.axf" - 0 Error(s), 32 Warning(s).
Load "E:\\github\\FHQ\\Experiment_Platform\\Experimental_Platform_Based_On_DTR v3.2\\Experimental_Platform_Based_On_DTR v3.2\\projects\\MDK-ARM(uV5)\\Objects\\project.axf" 
* JLink Info: Device "STM32F429ZG" selected (1024 KB flash, 192 KB RAM).
Set JLink Project File to "E:\github\FHQ\Experiment_Platform\Experimental_Platform_Based_On_DTR v3.2\Experimental_Platform_Based_On_DTR v3.2\projects\MDK-ARM(uV5)\JLinkSettings.ini"
* JLink Info: Device "STM32F429ZG" selected (1024 KB flash, 192 KB RAM).
 
JLink info:
------------
DLL: V4.90 , compiled Jul 28 2014 10:35:20
Firmware: J-Link OB-STM32F072-CortexM compiled Mar  8 2016 11:15:54
Hardware: V1.00
Feature(s) : GDB, RDI, FlashBP, FlashDL, JFlash, RDDI 
 
* JLink Info: Found SWD-DP with ID 0x2BA01477
* JLink Info: Found SWD-DP with ID 0x2BA01477
* JLink Info: Found Cortex-M4 r0p1, Little endian.
* JLink Info: FPUnit: 6 code (BP) slots and 2 literal slots
* JLink Info: TPIU fitted.
* JLink Info: ETM fitted.
ROMTableAddr = 0xE00FF003
 
Target info:
------------
Device: STM32F429ZG
VTarget = 3.300V
State of Pins: 
TCK: 0, TDI: 0, TDO: 1, TMS: 1, TRES: 1, TRST: 1
Hardware-Breakpoints: 6
Software-Breakpoints: 8192
Watchpoints:          4
JTAG speed: 2000 kHz
 
Erase Done.
Programming Done.
Verify OK.
Application running ...
DI: 0, TDO: 1, TMS: 1, TRES: 1, TRST: 1
Hardware-Breakpoints: 6
Software-Breakpoints: 8192
Watchpoints:          4
JTAG speed: 2000 kHz
 
Erase Done.
Programming Done.
Verify OK.
Application running ...
, TDI: 0, TDO: 1, TMS: 1, TRES: 1, TRST: 1
Hardware-Breakpoints: 6
Software-Breakpoints: 8192
Watchpoints:          4
JTAG speed: 2000 kHz
 
Erase Done.
Programming Done.
Verify OK.
Application running ...

emWin\uiBuild\core\src\UI_Logic.c(551): warning:  #870-D: invalid multibyte character sequence
        menu_list_element_attach(4, 3, hInfoText1, element_text, (void *)"版本�?         IIEES v1.0 2019.1",      element_visible);
..\..\emWin\uiBuild\core\src\UI_Logic.c(552): warning:  #870-D: invalid multibyte character sequence
        menu_list_element_attach(4, 3, hInfoText2, element_text, (void *)"处理�?         STM32F429ZGT6",          element_visible);
..\..\emWin\uiBuild\core\src\UI_Logic.c(558): warning:  #870-D: invalid multibyte character sequence
        menu_list_element_attach(4, 3, hInfoText8, element_text, (void *)"开发团�?      Hdu-Microchip-Lab",       element_visible);
..\..\emWin\uiBuild\core\src\UI_Logic.c(114): warning:  #177-D: function "bar_reset" was declared but never referenced
  static void bar_reset()
..\..\emWin\uiBuild\core\src\UI_Logic.c: 34 warnings, 0 errors
linking...
Program Size: Code=197368 RO-data=283520 RW-data=5144 ZI-data=193740  
FromELF: creating hex file...
".\Objects\project.axf" - 0 Error(s), 46 Warning(s).
Load "E:\\github\\FHQ\\Experiment_Platform\\Experimental_Platform_Based_On_DTR v3.2\\Experimental_Platform_Based_On_DTR v3.2\\projects\\MDK-ARM(uV5)\\Objects\\project.axf" 
* JLink Info: Device "STM32F429ZG" selected (1024 KB flash, 192 KB RAM).
Set JLink Project File to "E:\github\FHQ\Experiment_Platform\Experimental_Platform_Based_On_DTR v3.2\Experimental_Platform_Based_On_DTR v3.2\projects\MDK-ARM(uV5)\JLinkSettings.ini"
* JLink Info: Device "STM32F429ZG" selected (1024 KB flash, 192 KB RAM).
 
JLink info:
------------
DLL: V4.90 , compiled Jul 28 2014 10:35:20
Firmware: J-Link OB-STM32F072-CortexM compiled Mar  8 2016 11:15:54
Hardware: V1.00
Feature(s) : GDB, RDI, FlashBP, FlashDL, JFlash, RDDI 
 
* JLink Info: Found SWD-DP with ID 0x2BA01477
* JLink Info: Found SWD-DP with ID 0x2BA01477
* JLink Info: Found Cortex-M4 r0p1, Little endian.
* JLink Info: FPUnit: 6 code (BP) slots and 2 literal slots
* JLink Info: TPIU fitted.
* JLink Info: ETM fitted.
ROMTableAddr = 0xE00FF003
 
Target info:
------------
Device: STM32F429ZG
VTarget = 3.300V
State of Pins: 
TCK: 0, TDI: 0, TDO: 1, TMS: 1, TRES: 1, TRST: 1
Hardware-Breakpoints: 6
Software-Breakpoints: 8192
Watchpoints:          4
JTAG speed: 2000 kHz
 
Erase Done.
Programming Done.
Verify OK.
Application running ...
�校准失败", "请稍�?);
..\..\emWin\uiBuild\ingredients\src\UI_MainWindow.c(311): warning:  #870-D: invalid multibyte character sequence
                                                        notify_show("时间校准失败", "请稍�?);
..\..\emWin\uiBuild\ingredients\src\UI_MainWindow.c(326): warning:  #870-D: invalid multibyte character sequence
                                                        notify_show((char *)wifi_data.name, "服务器连接超�?);
..\..\emWin\uiBuild\ingredients\src\UI_MainWindow.c(83): warning:  #177-D: variable "pData" was declared but never referenced
        const void * pData;
..\..\emWin\uiBuild\ingredients\src\UI_MainWindow.c(85): warning:  #177-D: variable "FileSize" was declared but never referenced
        U32          FileSize;
..\..\emWin\uiBuild\ingredients\src\UI_MainWindow.c(368): warning:  #870-D: invalid multibyte character sequence
        GUI_DispStringAt("\"深入理解计算机系�?\"", 479, 432);
..\..\emWin\uiBuild\ingredients\src\UI_MainWindow.c(349): warning:  #550-D: variable "hOldWin" was set but never used
        WM_HWIN hWin, hOldWin;
..\..\emWin\uiBuild\ingredients\src\UI_MainWindow.c: 10 warnings, 0 errors
compiling UI_SubExpWindow.c...
..\..\emWin\uiBuild\ingredients\src\UI_SubExpWindow.c(74): warning:  #870-D: invalid multibyte character sequence
        BUTTON_SetText(hFunctionButton1, "开始实�?);
..\..\emWin\uiBuild\ingredients\src\UI_SubExpWindow.c(130): warning:  #870-D: invalid multibyte character sequence
                  LISTVIEW_SetItemText(hItem, 0, 0, "已签�?);
..\..\emWin\uiBuild\ingredients\src\UI_SubExpWindow.c(260): warning:  #870-D: invalid multibyte character sequence
                                        notify_show("操作无效", "请稍�?);
..\..\emWin\uiBuild\ingredients\src\UI_SubExpWindow.c(307): warning:  #870-D: invalid multibyte character sequence
                        notify_show("参数错误", "请检查您的凭�?);
..\..\emWin\uiBuild\ingredients\src\UI_SubExpWindow.c(350): warning:  #870-D: invalid multibyte character sequence
                                                        notify_show("当前无在线人�?, "签退失败");
..\..\emWin\uiBuild\ingredients\src\UI_SubExpWindow.c(353): warning:  #870-D: invalid multibyte character sequence
                                                                  TEXT_SetText(hConfirmText1, "实验进程未结�?);
..\..\emWin\uiBuild\ingredients\src\UI_SubExpWindow.c(440): warning:  #870-D: invalid multibyte character sequence
                                          TEXT_SetText(hConfirmText1, "仍有未评分实�?);
..\..\emWin\uiBuild\ingredients\src\UI_SubExpWindow.c(106): warning:  #177-D: variable "ulValue" was declared but never referenced
          uint32_t      ulValue;
..\..\emWin\uiBuild\ingredients\src\UI_SubExpWindow.c(107): warning:  #177-D: variable "xResult" was declared but never referenced
        BaseType_t      xResult;
..\..\emWin\uiBuild\ingredients\src\UI_SubExpWindow.c: 9 warnings, 0 errors
compiling UI_ConfirmWindow.c...
compiling UI_Keyboard.c...
..\..\emWin\uiBuild\ingredients\src\UI_Keyboard.c(299): warning:  #870-D: invalid multibyte character sequence
                                                notify_show("正在操作�?, "请稍�?);
..\..\emWin\uiBuild\ingredients\src\UI_Keyboard.c(299): warning:  #870-D: invalid multibyte character sequence
                                                notify_show("正在操作�?, "请稍�?);
..\..\emWin\uiBuild\ingredients\src\UI_Keyboard.c(301): warning:  #870-D: invalid multibyte character sequence
                                                notify_show("操作无效", "请稍�?);
..\..\emWin\uiBuild\ingredients\src\UI_Keyboard.c: 3 warnings, 0 errors
compiling UI_SettingWindow.c...
..\..\emWin\uiBuild\ingredients\src\UI_SettingWindow.c(105): warning:  #870-D: invalid multibyte character sequence
        BUTTON_SetText(hAdminButton, "管理员入�?);
..\..\emWin\uiBuild\ingredients\src\UI_SettingWindow.c(255): warning:  #870-D: invalid multibyte character sequence
                TEXT_SetText(hItem, "声音开�?);
..\..\emWin\uiBuild\ingredients\src\UI_SettingWindow.c(452): warning:  #870-D: invalid multibyte character sequence
                                LISTVIEW_SetItemText(hConnectList, 1, 0, "加密状�?);
..\..\emWin\uiBuild\ingredients\src\UI_SettingWindow.c(454): warning:  #870-D: invalid multibyte character sequence
                                LISTVIEW_SetItemText(hConnectList, 2, 0, "WIFI状�?);
..\..\emWin\uiBuild\ingredients\src\UI_SettingWindow.c(486): warning:  #870-D: invalid multibyte character sequence
                                BUTTON_SetText(hScanButton, "开始匹�?);
..\..\emWin\uiBuild\ingredients\src\UI_SettingWindow.c(520): warning:  #870-D: invalid multibyte character sequence
                                                notify_show("操作无效", "请稍�?);
..\..\emWin\uiBuild\ingredients\src\UI_SettingWindow.c(527): warning:  #870-D: invalid multibyte character sequence
                                } else if(strstr("开始匹�?, (char *)p)) {
..\..\emWin\uiBuild\ingredients\src\UI_SettingWindow.c(561): warning:  #870-D: invalid multibyte character sequence
                                        notify_show("操作无效", "请稍�?);
..\..\emWin\uiBuild\ingredients\src\UI_SettingWindow.c(585): warning:  #870-D: invalid multibyte character sequence
                                        TEXT_SetText(hConnectPromptText2, "加密状�?);
..\..\emWin\uiBuild\ingredients\src\UI_SettingWindow.c(627): warning:  #870-D: invalid multibyte character sequence
                                } else if(strstr("开始匹�?", (char *)p)) {
..\..\emWin\uiBuild\ingredients\src\UI_SettingWindow.c(143): warning:  #177-D: variable "j" was declared but never referenced
        int             i, j;
..\..\emWin\uiBuild\ingredients\src\UI_SettingWindow.c(148): warning:  #177-D: variable "epoch_notify" was declared but never referenced
        epoch_dev_t     *epoch_notify = NULL;
..\..\emWin\uiBuild\ingredients\src\UI_SettingWindow.c: 12 warnings, 0 errors
compiling UI_NotifyWindow.c...
compiling UI_ConnectWindow.c...
..\..\emWin\uiBuild\ingredients\src\UI_ConnectWindow.c(58): warning:  #870-D: invalid multibyte character sequence
        TEXT_SetText(hItem, "加密状�?");
..\..\emWin\uiBuild\ingredients\src\UI_ConnectWindow.c(107): warning:  #167-D: argument of type "u8 *" is incompatible with parameter of type "char *"
                                EDIT_GetText(hConnectEdit, wifi_data.password, sizeof(wifi_data.password));
..\..\emWin\uiBuild\ingredients\src\UI_ConnectWindow.c(115): warning:  #870-D: invalid multibyte character sequence
                                        notify_show("队列清空失败", "请稍�?);
..\..\emWin\uiBuild\ingredients\src\UI_ConnectWindow.c(119): warning:  #870-D: invalid multibyte character sequence
                                        notify_show("操作无效", "请稍�?);
..\..\emWin\uiBuild\ingredients\src\UI_ConnectWindow.c(124): warning:  #870-D: invalid multibyte character sequence
                        else if(strstr("开始匹�?, (char *)p)) {
..\..\emWin\uiBuild\ingredients\src\UI_ConnectWindow.c(151): warning:  #870-D: invalid multibyte character sequence
                                                notify_show("设备列表已满", "请删除某个设�?);
..\..\emWin\uiBuild\ingredients\src\UI_ConnectWindow.c: 6 warnings, 0 errors
compiling UI_Touch.c...
compiling UI_Logic.c...
..\..\emWin\uiBuild\core\src\UI_Logic.c(30): warning:  #177-D: variable "i" was declared but never referenced
        int i;
..\..\emWin\uiBuild\core\src\UI_Logic.c(141): warning:  #177-D: variable "i" was declared but never referenced
        int i;
..\..\emWin\uiBuild\core\src\UI_Logic.c(156): warning:  #870-D: invalid multibyte character sequence
                                menu_list_element_set_data(2, i + 1, hExpSubTitle, (void *)"请等待教师开始实�?);
..\..\emWin\uiBuild\core\src\UI_Logic.c(196): warning:  #870-D: invalid multibyte character sequence
                                                menu_list_element_set_data(2, i + 1, hExpSubTitle, (void *)"请等待教师评�?);
..\..\emWin\uiBuild\core\src\UI_Logic.c(208): warning:  #870-D: invalid multibyte character sequence
                                                menu_list_element_set_data(2, i + 1, hExpSubTitle, (void *)"请等待教师评�?);
..\..\emWin\uiBuild\core\src\UI_Logic.c(219): warning:  #870-D: invalid multibyte character sequence
                                                menu_list_element_set_data(2, i + 1, hExpSubTitle, (void *)"实验已完�?);
..\..\emWin\uiBuild\core\src\UI_Logic.c(240): warning:  #870-D: invalid multibyte character sequence
                                menu_list_element_set_data(3, i + 1, hExpSubTitle, (void *)&"请教师验证身�?);
..\..\emWin\uiBuild\core\src\UI_Logic.c(254): warning:  #870-D: invalid multibyte character sequence
                                        menu_list_element_set_data(3, i + 1, hExpSubTitle, (void *)&"请教师开始实�?);
..\..\emWin\uiBuild\core\src\UI_Logic.c(265): warning:  #870-D: invalid multibyte character sequence
                                                menu_list_element_set_data(3, i + 1, hExpSubTitle, (void *)"请等待学生开始实�?);
..\..\emWin\uiBuild\core\src\UI_Logic.c(277): warning:  #870-D: invalid multibyte character sequence
                                                menu_list_element_set_data(3, i + 1, hExpSubTitle, (void *)"请等待学生提交实�?);
..\..\emWin\uiBuild\core\src\UI_Logic.c(289): warning:  #870-D: invalid multibyte character sequence
                                                menu_list_element_set_data(3, i + 1, hExpSubTitle, (void *)"实验已提�?请教师评�?);
..\..\emWin\uiBuild\core\src\UI_Logic.c(289): warning:  #870-D: invalid multibyte character sequence
                                                menu_list_element_set_data(3, i + 1, hExpSubTitle, (void *)"实验已提�?请教师评�?);
..\..\emWin\uiBuild\core\src\UI_Logic.c(301): warning:  #870-D: invalid multibyte character sequence
                                                menu_list_element_set_data(3, i + 1, hExpSubTitle, (void *)"实验已提�?请教师评�?);
..\..\emWin\uiBuild\core\src\UI_Logic.c(301): warning:  #870-D: invalid multibyte character sequence
                                                menu_list_element_set_data(3, i + 1, hExpSubTitle, (void *)"实验已提�?请教师评�?);
..\..\emWin\uiBuild\core\src\UI_Logic.c(313): warning:  #870-D: invalid multibyte character sequence
                                                menu_list_element_set_data(3, i + 1, hExpSubTitle, (void *)"实验已评�?);
..\..\emWin\uiBuild\core\src\UI_Logic.c(336): warning:  #870-D: invalid multibyte character sequence
                        menu_list_element_set_data(4, 2, hFunctionButton1, (void *)"管理员入�?);
..\..\emWin\uiBuild\core\src\UI_Logic.c(445): warning:  #870-D: invalid multibyte character sequence
        menu_list_element_attach(1, 1, hExpSubTitle, element_text, (void *)"请签�?, element_visible);
..\..\emWin\uiBuild\core\src\UI_Logic.c(459): warning:  #870-D: invalid multibyte character sequence
        menu_list_element_attach(2, 1, hExpSubTitle, element_text, (void *)"请等待教师开始实�?, element_visible);
..\..\emWin\uiBuild\core\src\UI_Logic.c(466): warning:  #870-D: invalid multibyte character sequence
        menu_list_element_attach(2, 1, hFunctionButton1, element_button, (void *)"开始实�?, element_invisible);
..\..\emWin\uiBuild\core\src\UI_Logic.c(472): warning:  #870-D: invalid multibyte character sequence
        menu_list_element_attach(2, 2, hExpSubTitle, element_text, (void *)"请等待教师开始实�?, element_visible);
..\..\emWin\uiBuild\core\src\UI_Logic.c(479): warning:  #870-D: invalid multibyte character sequence
        menu_list_element_attach(2, 2, hFunctionButton1, element_button, (void *)"开始实�?, element_invisible);
..\..\emWin\uiBuild\core\src\UI_Logic.c(485): warning:  #870-D: invalid multibyte character sequence
        menu_list_element_attach(2, 3, hExpSubTitle, element_text, (void *)"请等待教师开始实�?, element_visible);
..\..\emWin\uiBuild\core\src\UI_Logic.c(492): warning:  #870-D: invalid multibyte character sequence
        menu_list_element_attach(2, 3, hFunctionButton1, element_button, (void *)"开始实�?, element_invisible);
..\..\emWin\uiBuild\core\src\UI_Logic.c(498): warning:  #870-D: invalid multibyte character sequence
        menu_list_element_attach(3, 1, hExpSubTitle, element_text, (void *)"请教师验证身�?, element_visible);
..\..\emWin\uiBuild\core\src\UI_Logic.c(501): warning:  #870-D: invalid multibyte character sequence
        menu_list_element_attach(3, 1, hLogoutButton, element_button, (void *)"退�?, element_invisible);
..\..\emWin\uiBuild\core\src\UI_Logic.c(507): warning:  #870-D: invalid multibyte character sequence
        menu_list_element_attach(3, 2, hExpSubTitle, element_text, (void *)"请教师验证身�?, element_visible);
..\..\emWin\uiBuild\core\src\UI_Logic.c(510): warning:  #870-D: invalid multibyte character sequence
        menu_list_element_attach(3, 2, hLogoutButton, element_button, (void *)"退�?, element_invisible);
..\..\emWin\uiBuild\core\src\UI_Logic.c(516): warning:  #870-D: invalid multibyte character sequence
        menu_list_element_attach(3, 3, hExpSubTitle, element_text, (void *)"请教师验证身�?, element_visible);
..\..\emWin\uiBuild\core\src\UI_Logic.c(519): warning:  #870-D: invalid multibyte character sequence
        menu_list_element_attach(3, 3, hLogoutButton, element_button, (void *)"退�?, element_invisible);
..\..\emWin\uiBuild\core\src\UI_Logic.c(532): warning:  #870-D: invalid multibyte character sequence
        menu_list_element_attach(4, 2, hAdminButton, element_button, (void *)"管理员入�?, element_visible);
..\..\emWin\uiBuild\core\src\UI_Logic.c(543): warning:  #870-D: invalid multibyte character sequence
        menu_list_element_attach(4, 3, hInfoText1, element_text, (void *)"版本�?         IIEES v1.0 2019.1",      element_visible);
..\..\emWin\uiBuild\core\src\UI_Logic.c(544): warning:  #870-D: invalid multibyte character sequence
        menu_list_element_attach(4, 3, hInfoText2, element_text, (void *)"处理�?         STM32F429ZGT6",          element_visible);
..\..\emWin\uiBuild\core\src\UI_Logic.c(550): warning:  #870-D: invalid multibyte character sequence
        menu_list_element_attach(4, 3, hInfoText8, element_text, (void *)"开发团�?      Hdu-Microchip-Lab",       element_visible);
..\..\emWin\uiBuild\core\src\UI_Logic.c(114): warning:  #177-D: function "bar_reset" was declared but never referenced
  static void bar_reset()
..\..\emWin\uiBuild\core\src\UI_Logic.c: 34 warnings, 0 errors
linking...
Program Size: Code=197320 RO-data=283520 RW-data=5144 ZI-data=193740  
FromELF: creating hex file...
".\Objects\project.axf" - 0 Error(s), 134 Warning(s).
Load "E:\\github\\FHQ\\Experiment_Platform\\Experimental_Platform_Based_On_DTR v3.2\\Experimental_Platform_Based_On_DTR v3.2\\projects\\MDK-ARM(uV5)\\Objects\\project.axf" 
* JLink Info: Device "STM32F429ZG" selected (1024 KB flash, 192 KB RAM).
Set JLink Project File to "E:\github\FHQ\Experiment_Platform\Experimental_Platform_Based_On_DTR v3.2\Experimental_Platform_Based_On_DTR v3.2\projects\MDK-ARM(uV5)\JLinkSettings.ini"
* JLink Info: Device "STM32F429ZG" selected (1024 KB flash, 192 KB RAM).
 
JLink info:
------------
DLL: V4.90 , compiled Jul 28 2014 10:35:20
Firmware: J-Link OB-STM32F072-CortexM compiled Mar  8 2016 11:15:54
Hardware: V1.00
Feature(s) : GDB, RDI, FlashBP, FlashDL, JFlash, RDDI 
 
* JLink Info: Found SWD-DP with ID 0x2BA01477
* JLink Info: Found SWD-DP with ID 0x2BA01477
* JLink Info: Found Cortex-M4 r0p1, Little endian.
* JLink Info: FPUnit: 6 code (BP) slots and 2 literal slots
* JLink Info: TPIU fitted.
* JLink Info: ETM fitted.
ROMTableAddr = 0xE00FF003
 
Target info:
------------
Device: STM32F429ZG
VTarget = 3.300V
State of Pins: 
TCK: 0, TDI: 0, TDO: 1, TMS: 1, TRES: 1, TRST: 1
Hardware-Breakpoints: 6
Software-Breakpoints: 8192
Watchpoints:          4
JTAG speed: 2000 kHz
 
Erase Done.
Programming Done.
Verify OK.
Application running ...
oid *)"版本�?         IIEES v1.0 2019.1",      element_visible);
..\..\emWin\uiBuild\core\src\UI_Logic.c(515): warning:  #870-D: invalid multibyte character sequence
        menu_list_element_attach(4, 3, hInfoText2, element_text, (void *)"处理�?         STM32F429ZGT6",          element_visible);
..\..\emWin\uiBuild\core\src\UI_Logic.c(521): warning:  #870-D: invalid multibyte character sequence
        menu_list_element_attach(4, 3, hInfoText8, element_text, (void *)"开发团�?      Hdu-Microchip-Lab",       element_visible);
..\..\emWin\uiBuild\core\src\UI_Logic.c(114): warning:  #177-D: function "bar_reset" was declared but never referenced
  static void bar_reset()
..\..\emWin\uiBuild\core\src\UI_Logic.c: 32 warnings, 0 errors
compiling UI_Effect.c...
compiling UI_pushButton.c...
..\..\emWin\uiBuild\ingredients\src\UI_pushButton.c(41): warning:  #870-D: invalid multibyte character sequence
        BUTTON_SetText(hFunctionButton1, "开始实�?);
..\..\emWin\uiBuild\ingredients\src\UI_pushButton.c: 1 warning, 0 errors
".\Objects\project.axf" - 9 Error(s), 134 Warning(s).
Target not created
