<html>
<body>
<pre>
<h1>�Vision Build Log</h1>
<h2>Project:</h2>
E:\Projects\Git\Experiment_Platform\Experimental_Platform_Based_On_DTR v3.3\projects\MDK-ARM(uV5)\project.uvprojx
Project File Date:  04/16/2019

<h2>Output:</h2>
Build target 'v1.0'
compiling UI_SubExpWindow.c...
..\..\emWin\uiBuild\ingredients\inc\uiBuild.h(38): warning:  #47-D: incompatible redefinition of macro "WM_BUTTON_QUESTION_CB" (declared at line 35)
  #define WM_BUTTON_QUESTION_CB                 (WM_USER + 0x05)
..\..\emWin\uiBuild\ingredients\inc\uiBuild.h(39): warning:  #47-D: incompatible redefinition of macro "WM_BUTTON_SUBMIT_CB" (declared at line 34)
  #define WM_BUTTON_SUBMIT_CB                   (WM_USER + 0x06)
..\..\emWin\uiBuild\ingredients\src\UI_SubExpWindow.c(74): warning:  #870-D: invalid multibyte character sequence
        BUTTON_SetText(hFunctionButton1, "开始实�?);
..\..\emWin\uiBuild\ingredients\src\UI_SubExpWindow.c(131): warning:  #870-D: invalid multibyte character sequence
                  LISTVIEW_SetItemText(hItem, 0, 0, "已签�?);
..\..\emWin\uiBuild\ingredients\src\UI_SubExpWindow.c(257): warning:  #870-D: invalid multibyte character sequence
                                        notify_show("操作无效", "请稍�?);
..\..\emWin\uiBuild\ingredients\src\UI_SubExpWindow.c(260): warning:  #870-D: invalid multibyte character sequence
                                        notify_show("操作无效", "请稍�?);
..\..\emWin\uiBuild\ingredients\src\UI_SubExpWindow.c(263): warning:  #870-D: invalid multibyte character sequence
                                        notify_show("操作无效", "请稍�?);
..\..\emWin\uiBuild\ingredients\src\UI_SubExpWindow.c(266): warning:  #870-D: invalid multibyte character sequence
                                        notify_show("操作无效", "请稍�?);
..\..\emWin\uiBuild\ingredients\src\UI_SubExpWindow.c(304): warning:  #870-D: invalid multibyte character sequence
                        notify_show("ERROR 404", "服务器响应错�?);
..\..\emWin\uiBuild\ingredients\src\UI_SubExpWindow.c(306): warning:  #870-D: invalid multibyte character sequence
                        notify_show("参数错误", "请检查您的凭�?);
..\..\emWin\uiBuild\ingredients\src\UI_SubExpWindow.c(308): warning:  #870-D: invalid multibyte character sequence
                        notify_show("系统错误", "请重�?);
..\..\emWin\uiBuild\ingredients\src\UI_SubExpWindow.c(329): warning:  #870-D: invalid multibyte character sequence
                        notify_show("系统错误", "请重�?);
..\..\emWin\uiBuild\ingredients\src\UI_SubExpWindow.c(341): warning:  #870-D: invalid multibyte character sequence
                        notify_show("提问成功", "请等待教师解�?);
..\..\emWin\uiBuild\ingredients\src\UI_SubExpWindow.c(350): warning:  #870-D: invalid multibyte character sequence
                        notify_show("系统错误", "请重�?);
..\..\emWin\uiBuild\ingredients\src\UI_SubExpWindow.c(356): warning:  #870-D: invalid multibyte character sequence
                        notify_show("提交成功", "请等待教师打�?);
..\..\emWin\uiBuild\ingredients\src\UI_SubExpWindow.c(364): warning:  #870-D: invalid multibyte character sequence
                        notify_show("系统错误", "请重�?);
..\..\emWin\uiBuild\ingredients\src\UI_SubExpWindow.c(389): warning:  #870-D: invalid multibyte character sequence
                                                        notify_show("当前无在线人�?, "签退失败");
..\..\emWin\uiBuild\ingredients\src\UI_SubExpWindow.c(392): warning:  #870-D: invalid multibyte character sequence
                                                                  TEXT_SetText(hConfirmText1, "实验进程未结�?);
..\..\emWin\uiBuild\ingredients\src\UI_SubExpWindow.c(413): warning:  #870-D: invalid multibyte character sequence
                                                        notify_show("操作无效", "请稍�?);
..\..\emWin\uiBuild\ingredients\src\UI_SubExpWindow.c(464): warning:  #870-D: invalid multibyte character sequence
                                        notify_show(" 操作无效", "请稍后重�?);
..\..\emWin\uiBuild\ingredients\src\UI_SubExpWindow.c(477): warning:  #870-D: invalid multibyte character sequence
                                          TEXT_SetText(hConfirmText1, "仍有未评分实�?);
..\..\emWin\uiBuild\ingredients\src\UI_SubExpWindow.c(105): warning:  #177-D: variable "p" was declared but never referenced
        char            p[50];
..\..\emWin\uiBuild\ingredients\src\UI_SubExpWindow.c(107): warning:  #177-D: variable "ulValue" was declared but never referenced
          uint32_t      ulValue;
..\..\emWin\uiBuild\ingredients\src\UI_SubExpWindow.c(108): warning:  #177-D: variable "xResult" was declared but never referenced
        BaseType_t      xResult;
..\..\emWin\uiBuild\ingredients\src\UI_SubExpWindow.c: 24 warnings, 0 errors
compiling UI_ConfirmWindow.c...
..\..\emWin\uiBuild\ingredients\inc\uiBuild.h(38): warning:  #47-D: incompatible redefinition of macro "WM_BUTTON_QUESTION_CB" (declared at line 35)
  #define WM_BUTTON_QUESTION_CB                 (WM_USER + 0x05)
..\..\emWin\uiBuild\ingredients\inc\uiBuild.h(39): warning:  #47-D: incompatible redefinition of macro "WM_BUTTON_SUBMIT_CB" (declared at line 34)
  #define WM_BUTTON_SUBMIT_CB                   (WM_USER + 0x06)
..\..\emWin\uiBuild\ingredients\src\UI_ConfirmWindow.c(78): warning:  #870-D: invalid multibyte character sequence
                                                notify_show(" 操作无效", "请稍后重�?);
..\..\emWin\uiBuild\ingredients\src\UI_ConfirmWindow.c: 3 warnings, 0 errors
compiling UI_SettingWindow.c...
..\..\emWin\uiBuild\ingredients\inc\uiBuild.h(38): warning:  #47-D: incompatible redefinition of macro "WM_BUTTON_QUESTION_CB" (declared at line 35)
  #define WM_BUTTON_QUESTION_CB                 (WM_USER + 0x05)
..\..\emWin\uiBuild\ingredients\inc\uiBuild.h(39): warning:  #47-D: incompatible redefinition of macro "WM_BUTTON_SUBMIT_CB" (declared at line 34)
  #define WM_BUTTON_SUBMIT_CB                   (WM_USER + 0x06)
..\..\emWin\uiBuild\ingredients\src\UI_SettingWindow.c(107): warning:  #870-D: invalid multibyte character sequence
        BUTTON_SetText(hAdminButton, "管理员入�?);
..\..\emWin\uiBuild\ingredients\src\UI_SettingWindow.c(268): warning:  #870-D: invalid multibyte character sequence
                TEXT_SetText(hItem, "声音开�?);
..\..\emWin\uiBuild\ingredients\src\UI_SettingWindow.c(472): warning:  #513-D: a value of type "char *" cannot be assigned to an entity of type "u8 *"
                                for(i = 0, str = sys_config.dev_id; i < 3 && *str != NULL; i++) {
..\..\emWin\uiBuild\ingredients\src\UI_SettingWindow.c(477): warning:  #42-D: operand types are incompatible ("u8 *" and "char *")
                                strncpy(sys_config.gateway_id, sys_config.dev_id, str - sys_config.dev_id + 1);
..\..\emWin\uiBuild\ingredients\src\UI_SettingWindow.c(477): warning:  #993-D: subtraction of pointer types "u8 *" and "char *" is nonstandard
                                strncpy(sys_config.gateway_id, sys_config.dev_id, str - sys_config.dev_id + 1);
..\..\emWin\uiBuild\ingredients\src\UI_SettingWindow.c(479): warning:  #870-D: invalid multibyte character sequence
                                notify_show("节点信息上传�?, "请稍�?);
..\..\emWin\uiBuild\ingredients\src\UI_SettingWindow.c(479): warning:  #870-D: invalid multibyte character sequence
                                notify_show("节点信息上传�?, "请稍�?);
..\..\emWin\uiBuild\ingredients\src\UI_SettingWindow.c(481): warning:  #870-D: invalid multibyte character sequence
                                        notify_show(" 操作无效", "请稍后重�?);
..\..\emWin\uiBuild\ingredients\src\UI_SettingWindow.c(502): warning:  #870-D: invalid multibyte character sequence
                                LISTVIEW_SetItemText(hConnectList, 1, 0, "加密状�?);
..\..\emWin\uiBuild\ingredients\src\UI_SettingWindow.c(504): warning:  #870-D: invalid multibyte character sequence
                                LISTVIEW_SetItemText(hConnectList, 2, 0, "WIFI状�?);
..\..\emWin\uiBuild\ingredients\src\UI_SettingWindow.c(536): warning:  #870-D: invalid multibyte character sequence
                                BUTTON_SetText(hScanButton, "开始匹�?);
..\..\emWin\uiBuild\ingredients\src\UI_SettingWindow.c(570): warning:  #870-D: invalid multibyte character sequence
                                                notify_show("操作无效", "请稍�?);
..\..\emWin\uiBuild\ingredients\src\UI_SettingWindow.c(577): warning:  #870-D: invalid multibyte character sequence
                                } else if(strstr("开始匹�?, (char *)p)) {
..\..\emWin\uiBuild\ingredients\src\UI_SettingWindow.c(637): warning:  #870-D: invalid multibyte character sequence
                                        TEXT_SetText(hConnectPromptText2, "加密状�?);
..\..\emWin\uiBuild\ingredients\src\UI_SettingWindow.c(679): warning:  #870-D: invalid multibyte character sequence
                                } else if(strstr("开始匹�?", (char *)p)) {
..\..\emWin\uiBuild\ingredients\src\UI_SettingWindow.c(153): warning:  #177-D: variable "j" was declared but never referenced
        int             i, j;
..\..\emWin\uiBuild\ingredients\src\UI_SettingWindow.c(158): warning:  #177-D: variable "db_write_buf" was declared but never referenced
        char            db_write_buf[30];
..\..\emWin\uiBuild\ingredients\src\UI_SettingWindow.c(160): warning:  #177-D: variable "epoch_notify" was declared but never referenced
        epoch_dev_t     *epoch_notify = NULL;
..\..\emWin\uiBuild\ingredients\src\UI_SettingWindow.c: 20 warnings, 0 errors
linking...
Program Size: Code=212808 RO-data=460056 RW-data=5508 ZI-data=199008  
FromELF: creating hex file...
".\Objects\project.axf" - 0 Error(s), 47 Warning(s).
</pre>
</body>
</html>
