<html>
<body>
<pre>
<h1>�Vision Build Log</h1>
<h2>Project:</h2>
E:\Projects\Git\Experiment_Platform\Experimental_Platform_Based_On_DTR v3.3\projects\MDK-ARM(uV5)\project.uvprojx
Project File Date:  04/15/2019

<h2>Output:</h2>
Build target 'v1.0'
compiling app_wifista.c...
..\..\app\normal\src\app_wifista.c(10): warning:  #188-D: enumerated type mixed with another type
        wifiStatus tem = 0;
..\..\app\normal\src\app_wifista.c(10): warning:  #177-D: variable "tem" was declared but never referenced
        wifiStatus tem = 0;
..\..\app\normal\src\app_wifista.c(39): warning:  #177-D: variable "res" was declared but never referenced
        u8 res, i = 0;
..\..\app\normal\src\app_wifista.c(97): warning:  #940-D: missing return statement at end of non-void function "usr_c322_wifista_HTTP_request"
  }
..\..\app\normal\src\app_wifista.c: 4 warnings, 0 errors
linking...
Program Size: Code=210076 RO-data=459928 RW-data=5508 ZI-data=198944  
FromELF: creating hex file...
".\Objects\project.axf" - 0 Error(s), 4 Warning(s).
Load "E:\\Projects\\Git\\Experiment_Platform\\Experimental_Platform_Based_On_DTR v3.3\\projects\\MDK-ARM(uV5)\\Objects\\project.axf" 
Set JLink Project File to "E:\Projects\Git\Experiment_Platform\Experimental_Platform_Based_On_DTR v3.3\projects\MDK-ARM(uV5)\JLinkSettings.ini"
* JLink Info: Device "STM32F429ZG" selected (1024 KB flash, 192 KB RAM).
 
JLink info:
------------
DLL: V4.90 , compiled Jul 28 2014 10:35:20
Firmware: J-Link OB-STM32F072-CortexM compiled Mar  8 2016 11:15:54
Hardware: V1.00
Feature(s) : GDB, RDI, FlashBP, FlashDL, JFlash, RDDI 
 
* JLink Info: Found SWD-DP with ID 0x2BA01477
* JLink Info: Found SWD-DP with ID 0x2BA01477
* JLink Info: Found Cortex-M4 r0p1, Little endian.
* JLink Info: FPUnit: 6 code (BP) slots and 2 literal slots
* JLink Info: TPIU fitted.
* JLink Info: ETM fitted.
ROMTableAddr = 0xE00FF003
 
Target info:
------------
Device: STM32F429ZG
VTarget = 3.300V
State of Pins: 
TCK: 0, TDI: 0, TDO: 1, TMS: 1, TRES: 1, TRST: 1
Hardware-Breakpoints: 6
Software-Breakpoints: 8192
Watchpoints:          4
JTAG speed: 2000 kHz
 
Erase Done.
Programming Done.
Verify OK.
Application running ...
multibyte character sequence
                sprintf(pStrSysDate, "%d�?d�?d�?", system_time.year, system_time.month, system_time.day);
..\..\app\normal\src\main.c(220): warning:  #870-D: invalid multibyte character sequence
                                notify_show("时间校准失败", "请稍�?);
..\..\app\normal\src\main.c(227): warning:  #870-D: invalid multibyte character sequence
                                notify_show("同步失败", "请稍�?);
..\..\app\normal\src\main.c(250): warning:  #550-D: variable "bounce_cnt" was set but never used
        int bounce_cnt = 0;
..\..\app\normal\src\main.c(326): warning:  #870-D: invalid multibyte character sequence
                                                notify_show("操作无效", "请稍�?);
..\..\app\normal\src\main.c(355): warning:  #870-D: invalid multibyte character sequence
                                                notify_show("操作无效", "请稍�?);
..\..\app\normal\src\main.c(391): warning:  #870-D: invalid multibyte character sequence
                                                        notify_show("操作无效", "请稍�?);
..\..\app\normal\src\main.c(416): warning:  #870-D: invalid multibyte character sequence
                                        notify_show("系统错误", "请稍�?);
..\..\app\normal\src\main.c(431): warning:  #870-D: invalid multibyte character sequence
                                        notify_show("系统错误", "请稍�?);
..\..\app\normal\src\main.c(508): warning:  #181-D: argument is incompatible with corresponding format string conversion
                                sprintf((char *)request, "https://%s/openApi/experiment/signOut.json?id=%s&userId=%s", http_wifista_ip, sys_config.dev_id, routine.appointed_uid[0]);
..\..\app\normal\src\main.c(548): warning:  #870-D: invalid multibyte character sequence
                                        notify_show("系统错误", "请稍�?);
..\..\app\normal\src\main.c(562): warning:  #870-D: invalid multibyte character sequence
                                                notify_show("同步失败", "服务器登录超�?);
..\..\app\normal\src\main.c(567): warning:  #870-D: invalid multibyte character sequence
                                                        notify_show("队列清空失败", "请稍�?);
..\..\app\normal\src\main.c(569): warning:  #870-D: invalid multibyte character sequence
                                                notify_show("同步成功", "初始化成�?);
..\..\app\normal\src\main.c(580): warning:  #870-D: invalid multibyte character sequence
                                                        notify_show("操作无效", "请稍�?);
..\..\app\normal\src\main.c(583): warning:  #870-D: invalid multibyte character sequence
                                                        notify_show("操作无效", "请稍�?);
..\..\app\normal\src\main.c(593): warning:  #870-D: invalid multibyte character sequence
                                                        notify_show("队列清空失败", "请稍�?);
..\..\app\normal\src\main.c(594): warning:  #870-D: invalid multibyte character sequence
                                                notify_show("同步失败", "服务器连接超�?);
..\..\app\normal\src\main.c(608): warning:  #870-D: invalid multibyte character sequence
                                                        notify_show("队列清空失败", "请稍�?);
..\..\app\normal\src\main.c(284): warning:  #177-D: variable "i" was declared but never referenced
        u8 i, j;
..\..\app\normal\src\main.c(284): warning:  #177-D: variable "j" was declared but never referenced
        u8 i, j;
..\..\app\normal\src\main.c(286): warning:  #177-D: variable "recheck_times" was declared but never referenced
        static u8 recheck_times = 0;
..\..\app\normal\src\main.c(289): warning:  #177-D: variable "ulNotifiedValue" was declared but never referenced
        uint32_t ulNotifiedValue;
..\..\app\normal\src\main.c(666): warning:  #870-D: invalid multibyte character sequence
                                        notify_show("操作无效", "请稍�?);
..\..\app\normal\src\main.c(672): warning:  #870-D: invalid multibyte character sequence
                                notify_show("扫描超时", "请重�?);
..\..\app\normal\src\main.c(678): warning:  #870-D: invalid multibyte character sequence
                                notify_show("二维码错�?, "请重�?);
..\..\app\normal\src\main.c(678): warning:  #870-D: invalid multibyte character sequence
                                notify_show("二维码错�?, "请重�?);
..\..\app\normal\src\main.c(719): warning:  #167-D: argument of type "char *" is incompatible with parameter of type "const u8 *"
                                        voiceDispString(epoch_dev_report);
..\..\app\normal\src\main.c(709): warning:  #177-D: variable "pmsg" was declared but never referenced
        WM_MESSAGE pmsg;
..\..\app\normal\src\main.c(766): warning:  #177-D: variable "pmsg" was declared but never referenced
        WM_MESSAGE pmsg;
..\..\app\normal\src\main.c(767): warning:  #177-D: variable "ulTimerID" was declared but never referenced
        uint32_t ulTimerID;
..\..\app\normal\src\main.c: 43 warnings, 0 errors
compiling bsp_uart.c...
linking...
Program Size: Code=210076 RO-data=459928 RW-data=5508 ZI-data=198944  
FromELF: creating hex file...
".\Objects\project.axf" - 0 Error(s), 43 Warning(s).
Load "E:\\Projects\\Git\\Experiment_Platform\\Experimental_Platform_Based_On_DTR v3.3\\projects\\MDK-ARM(uV5)\\Objects\\project.axf" 
Set JLink Project File to "E:\Projects\Git\Experiment_Platform\Experimental_Platform_Based_On_DTR v3.3\projects\MDK-ARM(uV5)\JLinkSettings.ini"
* JLink Info: Device "STM32F429ZG" selected (1024 KB flash, 192 KB RAM).
 
JLink info:
------------
DLL: V4.90 , compiled Jul 28 2014 10:35:20
Firmware: J-Link OB-STM32F072-CortexM compiled Mar  8 2016 11:15:54
Hardware: V1.00
Feature(s) : GDB, RDI, FlashBP, FlashDL, JFlash, RDDI 
 
* JLink Info: Found SWD-DP with ID 0x2BA01477
* JLink Info: Found SWD-DP with ID 0x2BA01477
* JLink Info: Found Cortex-M4 r0p1, Little endian.
* JLink Info: FPUnit: 6 code (BP) slots and 2 literal slots
* JLink Info: TPIU fitted.
* JLink Info: ETM fitted.
ROMTableAddr = 0xE00FF003
 
Target info:
------------
Device: STM32F429ZG
VTarget = 3.300V
State of Pins: 
TCK: 0, TDI: 0, TDO: 1, TMS: 1, TRES: 1, TRST: 1
Hardware-Breakpoints: 6
Software-Breakpoints: 8192
Watchpoints:          4
JTAG speed: 2000 kHz
 
Erase Done.
Programming Done.
Verify OK.
Application running ...
0-D: missing return statement at end of non-void function "usr_c322_wifista_HTTP_request"
  }
..\..\app\normal\src\app_wifista.c: 4 warnings, 0 errors
compiling app_exp_routine.c...
..\..\app\normal\src\app_exp_routine.c(23): warning:  #870-D: invalid multibyte character sequence
          strcpy(routine.main_exp.sub_exp[1].subExpName, "病房优先呼叫�?);
..\..\app\normal\src\app_exp_routine.c(24): warning:  #870-D: invalid multibyte character sequence
          strcpy(routine.main_exp.sub_exp[1].subExpDetail, "�?个病�?每一个病房有一个按�?);
..\..\app\normal\src\app_exp_routine.c(24): warning:  #870-D: invalid multibyte character sequence
          strcpy(routine.main_exp.sub_exp[1].subExpDetail, "�?个病�?每一个病房有一个按�?);
..\..\app\normal\src\app_exp_routine.c(24): warning:  #870-D: invalid multibyte character sequence
          strcpy(routine.main_exp.sub_exp[1].subExpDetail, "�?个病�?每一个病房有一个按�?);
..\..\app\normal\src\app_exp_routine.c(26): warning:  #870-D: invalid multibyte character sequence
          strcpy(routine.main_exp.sub_exp[2].subExpName, "用译码器实现多输出函�?);
..\..\app\normal\src\app_exp_routine.c(27): warning:  #870-D: invalid multibyte character sequence
          strcpy(routine.main_exp.sub_exp[2].subExpDetail, "�?�?4LS138�?�?4LS20设计");
..\..\app\normal\src\app_exp_routine.c(27): warning:  #870-D: invalid multibyte character sequence
          strcpy(routine.main_exp.sub_exp[2].subExpDetail, "�?�?4LS138�?�?4LS20设计");
..\..\app\normal\src\app_exp_routine.c(27): warning:  #870-D: invalid multibyte character sequence
          strcpy(routine.main_exp.sub_exp[2].subExpDetail, "�?�?4LS138�?�?4LS20设计");
..\..\app\normal\src\app_exp_routine.c(27): warning:  #870-D: invalid multibyte character sequence
          strcpy(routine.main_exp.sub_exp[2].subExpDetail, "�?�?4LS138�?�?4LS20设计");
..\..\app\normal\src\app_exp_routine.c(78): warning:  #1-D: last line of file ends without a newline
          
..\..\app\normal\src\app_exp_routine.c: 10 warnings, 0 errors
compiling app_http.c...
..\..\app\normal\src\app_http.c(108): warning:  #550-D: variable "exp_id" was set but never used
        int exp_id = NULL;
..\..\app\normal\src\app_http.c(113): warning:  #177-D: variable "exp_student_uid" was declared but never referenced
        const char *exp_student_uid = NULL;
..\..\app\normal\src\app_http.c(114): warning:  #177-D: variable "exp_student_name" was declared but never referenced
        const char *exp_student_name = NULL;
..\..\app\normal\src\app_http.c(115): warning:  #177-D: variable "exp_student_eid" was declared but never referenced
        const char *exp_student_eid = NULL;
..\..\app\normal\src\app_http.c(118): warning:  #177-D: variable "exp_module_id" was declared but never referenced
        int *exp_module_id = NULL;
..\..\app\normal\src\app_http.c(119): warning:  #177-D: variable "exp_module_content" was declared but never referenced
        char *exp_module_content = NULL;
..\..\app\normal\src\app_http.c(122): warning:  #177-D: variable "exp_module_1_id" was declared but never referenced
        int exp_module_1_id;
..\..\app\normal\src\app_http.c(127): warning:  #177-D: variable "exp_module_2_id" was declared but never referenced
        int exp_module_2_id;
..\..\app\normal\src\app_http.c(132): warning:  #177-D: variable "exp_module_3_id" was declared but never referenced
        int exp_module_3_id;
..\..\app\normal\src\app_http.c(231): warning:  #177-D: variable "user_id" was declared but never referenced
        const char *user_id = NULL;
..\..\app\normal\src\app_http.c(232): warning:  #177-D: variable "user_name" was declared but never referenced
        const char *user_name = NULL;
..\..\app\normal\src\app_http.c(233): warning:  #177-D: variable "user_eid" was declared but never referenced
        const char *user_eid = NULL;
..\..\app\normal\src\app_http.c: 12 warnings, 0 errors
compiling app_epoch_match.c...
compiling app_mqtt.c...
..\..\app\normal\src\app_mqtt.c(120): warning:  #167-D: argument of type "unsigned char *" is incompatible with parameter of type "const char *"
        len = strlen(dat);
..\..\app\normal\src\app_mqtt.c(249): warning:  #177-D: variable "len" was declared but never referenced
        u8 len = 0;
..\..\app\normal\src\app_mqtt.c(328): warning:  #870-D: invalid multibyte character sequence
                                notify_show("操作无效", "请稍�?);
..\..\app\normal\src\app_mqtt.c(397): warning:  #177-D: variable "i" was declared but never referenced
        u8 i;
..\..\app\normal\src\app_mqtt.c: 4 warnings, 0 errors
compiling bsp_systick.c...
compiling bsp_uart.c...
compiling bsp_timer.c...
compiling bsp_lcd.c...
..\..\bsp\src\bsp_lcd.c(88): warning:  #177-D: function "read_reg" was declared but never referenced
  static u16 read_reg(u16 reg)
..\..\bsp\src\bsp_lcd.c: 1 warning, 0 errors
compiling bsp_ctiic.c...
compiling bsp_gt9147.c...
compiling bsp_touch.c...
..\..\bsp\src\bsp_touch.c(36): warning:  #177-D: variable "temp" was declared but never referenced
        uint16_t temp;
..\..\bsp\src\bsp_touch.c(37): warning:  #550-D: variable "touch_sta_old" was set but never used
        static uint8_t  touch_sta_old = 0;
..\..\bsp\src\bsp_touch.c: 2 warnings, 0 errors
compiling bsp_spi_flash.c...
compiling bsp_stmflash.c...
compiling bsp_exti.c...
compiling bsp.c...
compiling bsp_lp_rcc.c...
compiling bsp_spi.c...
compiling bsp_rc522.c...
..\..\bsp\src\bsp_rc522.c(167): warning:  #177-D: variable "i" was declared but never referenced
        u8   i, ucComMF522Buf[MAXRLEN];
..\..\bsp\src\bsp_rc522.c(254): warning:  #550-D: variable "status" was set but never used
        u8   status;
..\..\bsp\src\bsp_rc522.c(610): warning:  #167-D: argument of type "char *" is incompatible with parameter of type "const u8 *"
                                                        if(!PcdWrite(authentify_block, passwd_buf))
..\..\bsp\src\bsp_rc522.c(633): warning:  #167-D: argument of type "char *" is incompatible with parameter of type "const u8 *"
                                                        if(!PcdWrite(authentify_block, passwd_buf))
..\..\bsp\src\bsp_rc522.c(666): warning:  #167-D: argument of type "char *" is incompatible with parameter of type "u8 *"
                if(!PcdAnticoll(serial_buf)) {
..\..\bsp\src\bsp_rc522.c(674): warning:  #940-D: missing return statement at end of non-void function "rc522_get_serial_number"
  }
..\..\bsp\src\bsp_rc522.c(662): warning:  #177-D: variable "status" was declared but never referenced
        int status = 0;
..\..\bsp\src\bsp_rc522.c(696): warning:  #167-D: argument of type "char *" is incompatible with parameter of type "u8 *"
                                        if(!PcdRead(block_number, buf)) {
..\..\bsp\src\bsp_rc522.c(746): warning:  #167-D: argument of type "const char *" is incompatible with parameter of type "const u8 *"
                                                if(!PcdWrite(block_number, buf)) {
..\..\bsp\src\bsp_rc522.c(748): warning:  #167-D: argument of type "u8 *" is incompatible with parameter of type "const char *"
                                                        if(!strncmp(buf, write_buf, 16))
..\..\bsp\src\bsp_rc522.c(765): warning:  #167-D: argument of type "const char *" is incompatible with parameter of type "const u8 *"
                                                if(!PcdWrite(block_number, buf)) {
..\..\bsp\src\bsp_rc522.c(767): warning:  #167-D: argument of type "u8 *" is incompatible with parameter of type "const char *"
                                                        if(!strncmp(buf, write_buf, 16))
..\..\bsp\src\bsp_rc522.c: 12 warnings, 0 errors
compiling error.c...
compiling UI_MainWindow.c...
..\..\emWin\uiBuild\ingredients\src\UI_MainWindow.c(246): warning:  #870-D: invalid multibyte character sequence
                GUI_DispStringAt("\"深入理解计算机系�?\"", 479, 432);
..\..\emWin\uiBuild\ingredients\src\UI_MainWindow.c(261): warning:  #870-D: invalid multibyte character sequence
                                                        notify_show("队列清空失败", "请稍�?);
..\..\emWin\uiBuild\ingredients\src\UI_MainWindow.c(284): warning:  #870-D: invalid multibyte character sequence
                                                        notify_show("队列清空失败", "请稍�?);
..\..\emWin\uiBuild\ingredients\src\UI_MainWindow.c(313): warning:  #870-D: invalid multibyte character sequence
                                                        notify_show("队列清空失败", "请稍�?);
..\..\emWin\uiBuild\ingredients\src\UI_MainWindow.c(319): warning:  #870-D: invalid multibyte character sequence
                                                notify_show((char *)wifi_data.name, "服务器连接超�?);
..\..\emWin\uiBuild\ingredients\src\UI_MainWindow.c(83): warning:  #177-D: variable "pData" was declared but never referenced
        const void * pData;
..\..\emWin\uiBuild\ingredients\src\UI_MainWindow.c(85): warning:  #177-D: variable "FileSize" was declared but never referenced
        U32          FileSize;
..\..\emWin\uiBuild\ingredients\src\UI_MainWindow.c(87): warning:  #177-D: variable "recheck_times" was declared but never referenced
        static u8 recheck_times = 10;
..\..\emWin\uiBuild\ingredients\src\UI_MainWindow.c(360): warning:  #870-D: invalid multibyte character sequence
        GUI_DispStringAt("\"深入理解计算机系�?\"", 479, 432);
..\..\emWin\uiBuild\ingredients\src\UI_MainWindow.c(341): warning:  #550-D: variable "hOldWin" was set but never used
        WM_HWIN hWin, hOldWin;
..\..\emWin\uiBuild\ingredients\src\UI_MainWindow.c: 10 warnings, 0 errors
compiling UI_SubExpWindow.c...
..\..\emWin\uiBuild\ingredients\src\UI_SubExpWindow.c(74): warning:  #870-D: invalid multibyte character sequence
        BUTTON_SetText(hFunctionButton1, "开始实�?);
..\..\emWin\uiBuild\ingredients\src\UI_SubExpWindow.c(130): warning:  #870-D: invalid multibyte character sequence
                  LISTVIEW_SetItemText(hItem, 0, 0, "已签�?);
..\..\emWin\uiBuild\ingredients\src\UI_SubExpWindow.c(260): warning:  #870-D: invalid multibyte character sequence
                                        notify_show("操作无效", "请稍�?);
..\..\emWin\uiBuild\ingredients\src\UI_SubExpWindow.c(263): warning:  #870-D: invalid multibyte character sequence
                                        notify_show("操作无效", "请稍�?);
..\..\emWin\uiBuild\ingredients\src\UI_SubExpWindow.c(266): warning:  #870-D: invalid multibyte character sequence
                                        notify_show("操作无效", "请稍�?);
..\..\emWin\uiBuild\ingredients\src\UI_SubExpWindow.c(269): warning:  #870-D: invalid multibyte character sequence
                                        notify_show("操作无效", "请稍�?);
..\..\emWin\uiBuild\ingredients\src\UI_SubExpWindow.c(309): warning:  #870-D: invalid multibyte character sequence
                        notify_show("参数错误", "请检查您的凭�?);
..\..\emWin\uiBuild\ingredients\src\UI_SubExpWindow.c(311): warning:  #870-D: invalid multibyte character sequence
                        notify_show("系统错误", "请重�?);
..\..\emWin\uiBuild\ingredients\src\UI_SubExpWindow.c(332): warning:  #870-D: invalid multibyte character sequence
                        notify_show("系统错误", "请重�?);
..\..\emWin\uiBuild\ingredients\src\UI_SubExpWindow.c(357): warning:  #870-D: invalid multibyte character sequence
                                                        notify_show("当前无在线人�?, "签退失败");
..\..\emWin\uiBuild\ingredients\src\UI_SubExpWindow.c(360): warning:  #870-D: invalid multibyte character sequence
                                                                  TEXT_SetText(hConfirmText1, "实验进程未结�?);
..\..\emWin\uiBuild\ingredients\src\UI_SubExpWindow.c(445): warning:  #870-D: invalid multibyte character sequence
                                          TEXT_SetText(hConfirmText1, "仍有未评分实�?);
..\..\emWin\uiBuild\ingredients\src\UI_SubExpWindow.c(106): warning:  #177-D: variable "ulValue" was declared but never referenced
          uint32_t      ulValue;
..\..\emWin\uiBuild\ingredients\src\UI_SubExpWindow.c(107): warning:  #177-D: variable "xResult" was declared but never referenced
        BaseType_t      xResult;
..\..\emWin\uiBuild\ingredients\src\UI_SubExpWindow.c: 14 warnings, 0 errors
compiling UI_ConfirmWindow.c...
compiling UI_Keyboard.c...
..\..\emWin\uiBuild\ingredients\src\UI_Keyboard.c(299): warning:  #870-D: invalid multibyte character sequence
                                                notify_show("正在操作�?, "请稍�?);
..\..\emWin\uiBuild\ingredients\src\UI_Keyboard.c(299): warning:  #870-D: invalid multibyte character sequence
                                                notify_show("正在操作�?, "请稍�?);
..\..\emWin\uiBuild\ingredients\src\UI_Keyboard.c(301): warning:  #870-D: invalid multibyte character sequence
                                                notify_show("操作无效", "请稍�?);
..\..\emWin\uiBuild\ingredients\src\UI_Keyboard.c: 3 warnings, 0 errors
compiling UI_SettingWindow.c...
..\..\emWin\uiBuild\ingredients\src\UI_SettingWindow.c(107): warning:  #870-D: invalid multibyte character sequence
        BUTTON_SetText(hAdminButton, "管理员入�?);
..\..\emWin\uiBuild\ingredients\src\UI_SettingWindow.c(265): warning:  #870-D: invalid multibyte character sequence
                TEXT_SetText(hItem, "声音开�?);
..\..\emWin\uiBuild\ingredients\src\UI_SettingWindow.c(464): warning:  #870-D: invalid multibyte character sequence
                                notify_show("节点信息上传�?, "请稍�?);
..\..\emWin\uiBuild\ingredients\src\UI_SettingWindow.c(464): warning:  #870-D: invalid multibyte character sequence
                                notify_show("节点信息上传�?, "请稍�?);
..\..\emWin\uiBuild\ingredients\src\UI_SettingWindow.c(466): warning:  #870-D: invalid multibyte character sequence
                                        notify_show(" 操作无效", "请稍后重�?);
..\..\emWin\uiBuild\ingredients\src\UI_SettingWindow.c(487): warning:  #870-D: invalid multibyte character sequence
                                LISTVIEW_SetItemText(hConnectList, 1, 0, "加密状�?);
..\..\emWin\uiBuild\ingredients\src\UI_SettingWindow.c(489): warning:  #870-D: invalid multibyte character sequence
                                LISTVIEW_SetItemText(hConnectList, 2, 0, "WIFI状�?);
..\..\emWin\uiBuild\ingredients\src\UI_SettingWindow.c(521): warning:  #870-D: invalid multibyte character sequence
                                BUTTON_SetText(hScanButton, "开始匹�?);
..\..\emWin\uiBuild\ingredients\src\UI_SettingWindow.c(555): warning:  #870-D: invalid multibyte character sequence
                                                notify_show("操作无效", "请稍�?);
..\..\emWin\uiBuild\ingredients\src\UI_SettingWindow.c(562): warning:  #870-D: invalid multibyte character sequence
                                } else if(strstr("开始匹�?, (char *)p)) {
..\..\emWin\uiBuild\ingredients\src\UI_SettingWindow.c(620): warning:  #870-D: invalid multibyte character sequence
                                        TEXT_SetText(hConnectPromptText2, "加密状�?);
..\..\emWin\uiBuild\ingredients\src\UI_SettingWindow.c(662): warning:  #870-D: invalid multibyte character sequence
                                } else if(strstr("开始匹�?", (char *)p)) {
..\..\emWin\uiBuild\ingredients\src\UI_SettingWindow.c(153): warning:  #177-D: variable "j" was declared but never referenced
        int             i, j;
..\..\emWin\uiBuild\ingredients\src\UI_SettingWindow.c(158): warning:  #177-D: variable "epoch_notify" was declared but never referenced
        epoch_dev_t     *epoch_notify = NULL;
..\..\emWin\uiBuild\ingredients\src\UI_SettingWindow.c: 14 warnings, 0 errors
compiling UI_NotifyWindow.c...
compiling UI_FullKeyboard.c...
compiling UI_FullKeyboardPage.c...
compiling UI_SkinButton.c...
..\..\emWin\uiBuild\ingredients\src\UI_SkinButton.c(36): warning:  #177-D: variable "WM_GET_PARENT" was declared but never referenced
  static WM_HWIN (*WM_GET_PARENT[])(WM_HWIN) = {WM_GetParent1C,WM_GetParent2C,WM_GetParent3C,WM_GetParent4C,WM_GetParent5C,WM_GetParent6C,WM_GetParent7C,WM_GetParent8C};
..\..\emWin\uiBuild\ingredients\src\UI_SkinButton.c: 1 warning, 0 errors
compiling UI_ConnectWindow.c...
..\..\emWin\uiBuild\ingredients\src\UI_ConnectWindow.c(58): warning:  #870-D: invalid multibyte character sequence
        TEXT_SetText(hItem, "加密状�?");
..\..\emWin\uiBuild\ingredients\src\UI_ConnectWindow.c(107): warning:  #167-D: argument of type "u8 *" is incompatible with parameter of type "char *"
                                EDIT_GetText(hConnectEdit, wifi_data.password, sizeof(wifi_data.password));
..\..\emWin\uiBuild\ingredients\src\UI_ConnectWindow.c(121): warning:  #870-D: invalid multibyte character sequence
                                        notify_show("操作无效", "请稍�?);
..\..\emWin\uiBuild\ingredients\src\UI_ConnectWindow.c(123): warning:  #870-D: invalid multibyte character sequence
                        else if(strstr("开始匹�?, (char *)p)) {
..\..\emWin\uiBuild\ingredients\src\UI_ConnectWindow.c(150): warning:  #870-D: invalid multibyte character sequence
                                                notify_show("设备列表已满", "请删除某个设�?);
..\..\emWin\uiBuild\ingredients\src\UI_ConnectWindow.c: 5 warnings, 0 errors
compiling UI_SkinSlider.c...
..\..\emWin\uiBuild\ingredients\src\UI_SkinSlider.c(39): warning:  #177-D: variable "WM_GET_PARENT" was declared but never referenced
  static WM_HWIN (*WM_GET_PARENT[])(WM_HWIN) = {WM_GetParent1C, WM_GetParent2C, WM_GetParent3C, WM_GetParent4C, WM_GetParent5C, WM_GetParent6C, WM_GetParent7C, WM_GetParent8C};
..\..\emWin\uiBuild\ingredients\src\UI_SkinSlider.c: 1 warning, 0 errors
compiling UI_Touch.c...
compiling UI_MainTask.c...
compiling UI_Logic.c...
..\..\emWin\uiBuild\core\src\UI_Logic.c(30): warning:  #177-D: variable "i" was declared but never referenced
        int i;
..\..\emWin\uiBuild\core\src\UI_Logic.c(141): warning:  #177-D: variable "i" was declared but never referenced
        int i;
..\..\emWin\uiBuild\core\src\UI_Logic.c(156): warning:  #870-D: invalid multibyte character sequence
                                menu_list_element_set_data(2, i + 1, hExpSubTitle, (void *)"请等待教师开始实�?);
..\..\emWin\uiBuild\core\src\UI_Logic.c(196): warning:  #870-D: invalid multibyte character sequence
                                                menu_list_element_set_data(2, i + 1, hExpSubTitle, (void *)"请等待教师评�?);
..\..\emWin\uiBuild\core\src\UI_Logic.c(208): warning:  #870-D: invalid multibyte character sequence
                                                menu_list_element_set_data(2, i + 1, hExpSubTitle, (void *)"请等待教师评�?);
..\..\emWin\uiBuild\core\src\UI_Logic.c(219): warning:  #870-D: invalid multibyte character sequence
                                                menu_list_element_set_data(2, i + 1, hExpSubTitle, (void *)"实验已完�?);
..\..\emWin\uiBuild\core\src\UI_Logic.c(240): warning:  #870-D: invalid multibyte character sequence
                                menu_list_element_set_data(3, i + 1, hExpSubTitle, (void *)&"请教师验证身�?);
..\..\emWin\uiBuild\core\src\UI_Logic.c(254): warning:  #870-D: invalid multibyte character sequence
                                        menu_list_element_set_data(3, i + 1, hExpSubTitle, (void *)&"请教师开始实�?);
..\..\emWin\uiBuild\core\src\UI_Logic.c(265): warning:  #870-D: invalid multibyte character sequence
                                                menu_list_element_set_data(3, i + 1, hExpSubTitle, (void *)"请等待学生开始实�?);
..\..\emWin\uiBuild\core\src\UI_Logic.c(277): warning:  #870-D: invalid multibyte character sequence
                                                menu_list_element_set_data(3, i + 1, hExpSubTitle, (void *)"请等待学生提交实�?);
..\..\emWin\uiBuild\core\src\UI_Logic.c(289): warning:  #870-D: invalid multibyte character sequence
                                                menu_list_element_set_data(3, i + 1, hExpSubTitle, (void *)"实验已提�?请教师评�?);
..\..\emWin\uiBuild\core\src\UI_Logic.c(289): warning:  #870-D: invalid multibyte character sequence
                                                menu_list_element_set_data(3, i + 1, hExpSubTitle, (void *)"实验已提�?请教师评�?);
..\..\emWin\uiBuild\core\src\UI_Logic.c(301): warning:  #870-D: invalid multibyte character sequence
                                                menu_list_element_set_data(3, i + 1, hExpSubTitle, (void *)"实验已提�?请教师评�?);
..\..\emWin\uiBuild\core\src\UI_Logic.c(301): warning:  #870-D: invalid multibyte character sequence
                                                menu_list_element_set_data(3, i + 1, hExpSubTitle, (void *)"实验已提�?请教师评�?);
..\..\emWin\uiBuild\core\src\UI_Logic.c(313): warning:  #870-D: invalid multibyte character sequence
                                                menu_list_element_set_data(3, i + 1, hExpSubTitle, (void *)"实验已评�?);
..\..\emWin\uiBuild\core\src\UI_Logic.c(454): warning:  #870-D: invalid multibyte character sequence
        menu_list_element_attach(1, 1, hExpSubTitle, element_text, (void *)"请签�?, element_visible);
..\..\emWin\uiBuild\core\src\UI_Logic.c(468): warning:  #870-D: invalid multibyte character sequence
        menu_list_element_attach(2, 1, hExpSubTitle, element_text, (void *)"请等待教师开始实�?, element_visible);
..\..\emWin\uiBuild\core\src\UI_Logic.c(475): warning:  #870-D: invalid multibyte character sequence
        menu_list_element_attach(2, 1, hFunctionButton1, element_button, (void *)"开始实�?, element_invisible);
..\..\emWin\uiBuild\core\src\UI_Logic.c(481): warning:  #870-D: invalid multibyte character sequence
        menu_list_element_attach(2, 2, hExpSubTitle, element_text, (void *)"请等待教师开始实�?, element_visible);
..\..\emWin\uiBuild\core\src\UI_Logic.c(488): warning:  #870-D: invalid multibyte character sequence
        menu_list_element_attach(2, 2, hFunctionButton1, element_button, (void *)"开始实�?, element_invisible);
..\..\emWin\uiBuild\core\src\UI_Logic.c(494): warning:  #870-D: invalid multibyte character sequence
        menu_list_element_attach(2, 3, hExpSubTitle, element_text, (void *)"请等待教师开始实�?, element_visible);
..\..\emWin\uiBuild\core\src\UI_Logic.c(501): warning:  #870-D: invalid multibyte character sequence
        menu_list_element_attach(2, 3, hFunctionButton1, element_button, (void *)"开始实�?, element_invisible);
..\..\emWin\uiBuild\core\src\UI_Logic.c(507): warning:  #870-D: invalid multibyte character sequence
        menu_list_element_attach(3, 1, hExpSubTitle, element_text, (void *)"请教师验证身�?, element_visible);
..\..\emWin\uiBuild\core\src\UI_Logic.c(510): warning:  #870-D: invalid multibyte character sequence
        menu_list_element_attach(3, 1, hLogoutButton, element_button, (void *)"退�?, element_invisible);
..\..\emWin\uiBuild\core\src\UI_Logic.c(516): warning:  #870-D: invalid multibyte character sequence
        menu_list_element_attach(3, 2, hExpSubTitle, element_text, (void *)"请教师验证身�?, element_visible);
..\..\emWin\uiBuild\core\src\UI_Logic.c(519): warning:  #870-D: invalid multibyte character sequence
        menu_list_element_attach(3, 2, hLogoutButton, element_button, (void *)"退�?, element_invisible);
..\..\emWin\uiBuild\core\src\UI_Logic.c(525): warning:  #870-D: invalid multibyte character sequence
        menu_list_element_attach(3, 3, hExpSubTitle, element_text, (void *)"请教师验证身�?, element_visible);
..\..\emWin\uiBuild\core\src\UI_Logic.c(528): warning:  #870-D: invalid multibyte character sequence
        menu_list_element_attach(3, 3, hLogoutButton, element_button, (void *)"退�?, element_invisible);
..\..\emWin\uiBuild\core\src\UI_Logic.c(553): warning:  #870-D: invalid multibyte character sequence
        menu_list_element_attach(4, 3, hInfoText1, element_text, (void *)"版本�?         IIEES v1.0 2019.1",      element_visible);
..\..\emWin\uiBuild\core\src\UI_Logic.c(554): warning:  #870-D: invalid multibyte character sequence
        menu_list_element_attach(4, 3, hInfoText2, element_text, (void *)"处理�?         STM32F429ZGT6",          element_visible);
..\..\emWin\uiBuild\core\src\UI_Logic.c(559): warning:  #870-D: invalid multibyte character sequence
        menu_list_element_attach(4, 3, hInfoText7, element_text, (void *)"开发团�?      Hdu-Microchip-Lab",       element_visible);
..\..\emWin\uiBuild\core\src\UI_Logic.c(114): warning:  #177-D: function "bar_reset" was declared but never referenced
  static void bar_reset()
..\..\emWin\uiBuild\core\src\UI_Logic.c: 32 warnings, 0 errors
compiling UI_Effect.c...
compiling UI_pushButton.c...
..\..\emWin\uiBuild\ingredients\src\UI_pushButton.c(37): warning:  #177-D: variable "i" was declared but never referenced
        int i;
..\..\emWin\uiBuild\ingredients\src\UI_pushButton.c: 1 warning, 0 errors
compiling GUIDRV_Template.c...
".\Objects\project.axf" - 1 Error(s), 173 Warning(s).
Target not created
(37): warning:  #177-D: variable "i" was declared but never referenced
        int i;
..\..\emWin\uiBuild\ingredients\src\UI_pushButton.c: 1 warning, 0 errors
compiling buttom_bar.c...
compiling hdu_logo.c...
compiling hdu_pic.c...
compiling rect_bar.c...
compiling rect_sublist.c...
compiling right_side_bar.c...
compiling question.c...
compiling submit.c...
compiling exp_start.c...
compiling logout.c...
compiling finish.c...
compiling unfinished.c...
compiling waiting.c...
compiling key1_up.c...
compiling key2_up.c...
compiling key1_down.c...
compiling key2_down.c...
compiling switch_on.c...
compiling switch_off.c...
compiling unikeyUp.c...
compiling unikeyDown.c...
compiling keyType2Down.c...
compiling keyType2Up.c...
compiling wifi.c...
compiling wifi_off.c...
compiling sliderThumb.c...
compiling GUI_X_Touch.c...
compiling GUIDRV_Template.c...
compiling LCDConf_FlexColor_Template.c...
compiling GUIConf.c...
compiling GUI_X_OS.c...
assembling startup_stm32f429xx.s...
compiling system_stm32f4xx.c...
compiling misc.c...
compiling stm32f4xx_exti.c...
compiling stm32f4xx_flash.c...
compiling stm32f4xx_flash_ramfunc.c...
compiling stm32f4xx_gpio.c...
compiling stm32f4xx_i2c.c...
compiling stm32f4xx_rcc.c...
compiling stm32f4xx_rng.c...
compiling stm32f4xx_rtc.c...
compiling stm32f4xx_sdio.c...
compiling stm32f4xx_spi.c...
compiling stm32f4xx_syscfg.c...
compiling stm32f4xx_tim.c...
compiling stm32f4xx_usart.c...
compiling stm32f4xx_fmc.c...
compiling stm32f4xx_it.c...
linking...
Program Size: Code=210512 RO-data=459928 RW-data=5508 ZI-data=198752  
FromELF: creating hex file...
".\Objects\project.axf" - 0 Error(s), 173 Warning(s).
Load "E:\\Projects\\Git\\Experiment_Platform\\Experimental_Platform_Based_On_DTR v3.3\\projects\\MDK-ARM(uV5)\\Objects\\project.axf" 
Set JLink Project File to "E:\Projects\Git\Experiment_Platform\Experimental_Platform_Based_On_DTR v3.3\projects\MDK-ARM(uV5)\JLinkSettings.ini"
* JLink Info: Device "STM32F429ZG" selected (1024 KB flash, 192 KB RAM).
 
JLink info:
------------
DLL: V4.90 , compiled Jul 28 2014 10:35:20
Firmware: J-Link OB-STM32F072-CortexM compiled Mar  8 2016 11:15:54
Hardware: V1.00
Feature(s) : GDB, RDI, FlashBP, FlashDL, JFlash, RDDI 
 
* JLink Info: Found SWD-DP with ID 0x2BA01477
* JLink Info: Found SWD-DP with ID 0x2BA01477
* JLink Info: Found Cortex-M4 r0p1, Little endian.
* JLink Info: FPUnit: 6 code (BP) slots and 2 literal slots
* JLink Info: TPIU fitted.
* JLink Info: ETM fitted.
ROMTableAddr = 0xE00FF003
 
Target info:
------------
Device: STM32F429ZG
VTarget = 3.300V
State of Pins: 
TCK: 0, TDI: 0, TDO: 1, TMS: 1, TRES: 1, TRST: 1
Hardware-Breakpoints: 6
Software-Breakpoints: 8192
Watchpoints:          4
JTAG speed: 2000 kHz
 
Erase Done.
Programming Done.
Verify OK.
